stdout: Hello World
stdout: Hello World
stderr: Hello World
